// Jest Snapshot v1, https://goo.gl/fbAQLP

exports[`renders homepage unchanged 1`] = `
<div>
  <div
    class="text-3xl text-rose-400 text-balance"
  >
     HELLOW RWOEWL!
  </div>
</div>
`;
